node:internal/modules/cjs/loader:1215
  throw err;
  ^

Error: Cannot find module '../modules/pengguna/auth.pengguna.routes'
Require stack:
- /home/u1478266/public_html/api.bprbaperabatang.com/dist/routes/index.js
- /home/u1478266/public_html/api.bprbaperabatang.com/dist/app.js
- /home/u1478266/public_html/api.bprbaperabatang.com/dist/server.js
- /usr/local/lsws/fcgi-bin/lsnode.js
    at Module._resolveFilename (node:internal/modules/cjs/loader:1212:15)
    at Module._load (node:internal/modules/cjs/loader:1043:27)
    at Module.require (node:internal/modules/cjs/loader:1298:19)
    at require (node:internal/modules/helpers:182:18)
    at Object.<anonymous> (/home/u1478266/public_html/api.bprbaperabatang.com/dist/routes/index.js:7:48)
    at Module._compile (node:internal/modules/cjs/loader:1529:14)
    at Module._extensions..js (node:internal/modules/cjs/loader:1613:10)
    at Module.load (node:internal/modules/cjs/loader:1275:32)
    at Module._load (node:internal/modules/cjs/loader:1096:12)
    at Module.require (node:internal/modules/cjs/loader:1298:19) {
  code: 'MODULE_NOT_FOUND',
  requireStack: [
    '/home/u1478266/public_html/api.bprbaperabatang.com/dist/routes/index.js',
    '/home/u1478266/public_html/api.bprbaperabatang.com/dist/app.js',
    '/home/u1478266/public_html/api.bprbaperabatang.com/dist/server.js',
    '/usr/local/lsws/fcgi-bin/lsnode.js'
  ]
}

Node.js v20.19.4
node:internal/modules/cjs/loader:1215
  throw err;
  ^

Error: Cannot find module '../modules/pengguna/auth.pengguna.routes'
Require stack:
- /home/u1478266/public_html/api.bprbaperabatang.com/dist/routes/index.js
- /home/u1478266/public_html/api.bprbaperabatang.com/dist/app.js
- /home/u1478266/public_html/api.bprbaperabatang.com/dist/server.js
- /usr/local/lsws/fcgi-bin/lsnode.js
    at Module._resolveFilename (node:internal/modules/cjs/loader:1212:15)
    at Module._load (node:internal/modules/cjs/loader:1043:27)
    at Module.require (node:internal/modules/cjs/loader:1298:19)
    at require (node:internal/modules/helpers:182:18)
    at Object.<anonymous> (/home/u1478266/public_html/api.bprbaperabatang.com/dist/routes/index.js:7:48)
    at Module._compile (node:internal/modules/cjs/loader:1529:14)
    at Module._extensions..js (node:internal/modules/cjs/loader:1613:10)
    at Module.load (node:internal/modules/cjs/loader:1275:32)
    at Module._load (node:internal/modules/cjs/loader:1096:12)
    at Module.require (node:internal/modules/cjs/loader:1298:19) {
  code: 'MODULE_NOT_FOUND',
  requireStack: [
    '/home/u1478266/public_html/api.bprbaperabatang.com/dist/routes/index.js',
    '/home/u1478266/public_html/api.bprbaperabatang.com/dist/app.js',
    '/home/u1478266/public_html/api.bprbaperabatang.com/dist/server.js',
    '/usr/local/lsws/fcgi-bin/lsnode.js'
  ]
}

Node.js v20.19.4
node:internal/modules/cjs/loader:1215
  throw err;
  ^

Error: Cannot find module '../modules/pengguna/auth.pengguna.routes'
Require stack:
- /home/u1478266/public_html/api.bprbaperabatang.com/dist/routes/index.js
- /home/u1478266/public_html/api.bprbaperabatang.com/dist/app.js
- /home/u1478266/public_html/api.bprbaperabatang.com/dist/server.js
- /usr/local/lsws/fcgi-bin/lsnode.js
    at Module._resolveFilename (node:internal/modules/cjs/loader:1212:15)
    at Module._load (node:internal/modules/cjs/loader:1043:27)
    at Module.require (node:internal/modules/cjs/loader:1298:19)
    at require (node:internal/modules/helpers:182:18)
    at Object.<anonymous> (/home/u1478266/public_html/api.bprbaperabatang.com/dist/routes/index.js:7:48)
    at Module._compile (node:internal/modules/cjs/loader:1529:14)
    at Module._extensions..js (node:internal/modules/cjs/loader:1613:10)
    at Module.load (node:internal/modules/cjs/loader:1275:32)
    at Module._load (node:internal/modules/cjs/loader:1096:12)
    at Module.require (node:internal/modules/cjs/loader:1298:19) {
  code: 'MODULE_NOT_FOUND',
  requireStack: [
    '/home/u1478266/public_html/api.bprbaperabatang.com/dist/routes/index.js',
    '/home/u1478266/public_html/api.bprbaperabatang.com/dist/app.js',
    '/home/u1478266/public_html/api.bprbaperabatang.com/dist/server.js',
    '/usr/local/lsws/fcgi-bin/lsnode.js'
  ]
}

Node.js v20.19.4
node:internal/modules/cjs/loader:1215
  throw err;
  ^

Error: Cannot find module '../modules/pengguna/auth.pengguna.routes'
Require stack:
- /home/u1478266/public_html/api.bprbaperabatang.com/dist/routes/index.js
- /home/u1478266/public_html/api.bprbaperabatang.com/dist/app.js
- /home/u1478266/public_html/api.bprbaperabatang.com/dist/server.js
- /usr/local/lsws/fcgi-bin/lsnode.js
    at Module._resolveFilename (node:internal/modules/cjs/loader:1212:15)
    at Module._load (node:internal/modules/cjs/loader:1043:27)
    at Module.require (node:internal/modules/cjs/loader:1298:19)
    at require (node:internal/modules/helpers:182:18)
    at Object.<anonymous> (/home/u1478266/public_html/api.bprbaperabatang.com/dist/routes/index.js:7:48)
    at Module._compile (node:internal/modules/cjs/loader:1529:14)
    at Module._extensions..js (node:internal/modules/cjs/loader:1613:10)
    at Module.load (node:internal/modules/cjs/loader:1275:32)
    at Module._load (node:internal/modules/cjs/loader:1096:12)
    at Module.require (node:internal/modules/cjs/loader:1298:19) {
  code: 'MODULE_NOT_FOUND',
  requireStack: [
    '/home/u1478266/public_html/api.bprbaperabatang.com/dist/routes/index.js',
    '/home/u1478266/public_html/api.bprbaperabatang.com/dist/app.js',
    '/home/u1478266/public_html/api.bprbaperabatang.com/dist/server.js',
    '/usr/local/lsws/fcgi-bin/lsnode.js'
  ]
}

Node.js v20.19.4
node:internal/modules/cjs/loader:1215
  throw err;
  ^

Error: Cannot find module '../modules/pengguna/auth.pengguna.routes'
Require stack:
- /home/u1478266/public_html/api.bprbaperabatang.com/dist/routes/index.js
- /home/u1478266/public_html/api.bprbaperabatang.com/dist/app.js
- /home/u1478266/public_html/api.bprbaperabatang.com/dist/server.js
- /usr/local/lsws/fcgi-bin/lsnode.js
    at Module._resolveFilename (node:internal/modules/cjs/loader:1212:15)
    at Module._load (node:internal/modules/cjs/loader:1043:27)
    at Module.require (node:internal/modules/cjs/loader:1298:19)
    at require (node:internal/modules/helpers:182:18)
    at Object.<anonymous> (/home/u1478266/public_html/api.bprbaperabatang.com/dist/routes/index.js:7:48)
    at Module._compile (node:internal/modules/cjs/loader:1529:14)
    at Module._extensions..js (node:internal/modules/cjs/loader:1613:10)
    at Module.load (node:internal/modules/cjs/loader:1275:32)
    at Module._load (node:internal/modules/cjs/loader:1096:12)
    at Module.require (node:internal/modules/cjs/loader:1298:19) {
  code: 'MODULE_NOT_FOUND',
  requireStack: [
    '/home/u1478266/public_html/api.bprbaperabatang.com/dist/routes/index.js',
    '/home/u1478266/public_html/api.bprbaperabatang.com/dist/app.js',
    '/home/u1478266/public_html/api.bprbaperabatang.com/dist/server.js',
    '/usr/local/lsws/fcgi-bin/lsnode.js'
  ]
}

Node.js v20.19.4
node:internal/modules/cjs/loader:1215
  throw err;
  ^

Error: Cannot find module '../modules/pengguna/auth.pengguna.routes'
Require stack:
- /home/u1478266/public_html/api.bprbaperabatang.com/dist/routes/index.js
- /home/u1478266/public_html/api.bprbaperabatang.com/dist/app.js
- /home/u1478266/public_html/api.bprbaperabatang.com/dist/server.js
- /usr/local/lsws/fcgi-bin/lsnode.js
    at Module._resolveFilename (node:internal/modules/cjs/loader:1212:15)
    at Module._load (node:internal/modules/cjs/loader:1043:27)
    at Module.require (node:internal/modules/cjs/loader:1298:19)
    at require (node:internal/modules/helpers:182:18)
    at Object.<anonymous> (/home/u1478266/public_html/api.bprbaperabatang.com/dist/routes/index.js:7:48)
    at Module._compile (node:internal/modules/cjs/loader:1529:14)
    at Module._extensions..js (node:internal/modules/cjs/loader:1613:10)
    at Module.load (node:internal/modules/cjs/loader:1275:32)
    at Module._load (node:internal/modules/cjs/loader:1096:12)
    at Module.require (node:internal/modules/cjs/loader:1298:19) {
  code: 'MODULE_NOT_FOUND',
  requireStack: [
    '/home/u1478266/public_html/api.bprbaperabatang.com/dist/routes/index.js',
    '/home/u1478266/public_html/api.bprbaperabatang.com/dist/app.js',
    '/home/u1478266/public_html/api.bprbaperabatang.com/dist/server.js',
    '/usr/local/lsws/fcgi-bin/lsnode.js'
  ]
}

Node.js v20.19.4
node:internal/modules/cjs/loader:1215
  throw err;
  ^

Error: Cannot find module '../modules/pengguna/auth.pengguna.routes'
Require stack:
- /home/u1478266/public_html/api.bprbaperabatang.com/dist/routes/index.js
- /home/u1478266/public_html/api.bprbaperabatang.com/dist/app.js
- /home/u1478266/public_html/api.bprbaperabatang.com/dist/server.js
- /usr/local/lsws/fcgi-bin/lsnode.js
    at Module._resolveFilename (node:internal/modules/cjs/loader:1212:15)
    at Module._load (node:internal/modules/cjs/loader:1043:27)
    at Module.require (node:internal/modules/cjs/loader:1298:19)
    at require (node:internal/modules/helpers:182:18)
    at Object.<anonymous> (/home/u1478266/public_html/api.bprbaperabatang.com/dist/routes/index.js:7:48)
    at Module._compile (node:internal/modules/cjs/loader:1529:14)
    at Module._extensions..js (node:internal/modules/cjs/loader:1613:10)
    at Module.load (node:internal/modules/cjs/loader:1275:32)
    at Module._load (node:internal/modules/cjs/loader:1096:12)
    at Module.require (node:internal/modules/cjs/loader:1298:19) {
  code: 'MODULE_NOT_FOUND',
  requireStack: [
    '/home/u1478266/public_html/api.bprbaperabatang.com/dist/routes/index.js',
    '/home/u1478266/public_html/api.bprbaperabatang.com/dist/app.js',
    '/home/u1478266/public_html/api.bprbaperabatang.com/dist/server.js',
    '/usr/local/lsws/fcgi-bin/lsnode.js'
  ]
}

Node.js v20.19.4
node:internal/modules/cjs/loader:1215
  throw err;
  ^

Error: Cannot find module '../modules/pengguna/auth.pengguna.routes'
Require stack:
- /home/u1478266/public_html/api.bprbaperabatang.com/dist/routes/index.js
- /home/u1478266/public_html/api.bprbaperabatang.com/dist/app.js
- /home/u1478266/public_html/api.bprbaperabatang.com/dist/server.js
- /usr/local/lsws/fcgi-bin/lsnode.js
    at Module._resolveFilename (node:internal/modules/cjs/loader:1212:15)
    at Module._load (node:internal/modules/cjs/loader:1043:27)
    at Module.require (node:internal/modules/cjs/loader:1298:19)
    at require (node:internal/modules/helpers:182:18)
    at Object.<anonymous> (/home/u1478266/public_html/api.bprbaperabatang.com/dist/routes/index.js:7:48)
    at Module._compile (node:internal/modules/cjs/loader:1529:14)
    at Module._extensions..js (node:internal/modules/cjs/loader:1613:10)
    at Module.load (node:internal/modules/cjs/loader:1275:32)
    at Module._load (node:internal/modules/cjs/loader:1096:12)
    at Module.require (node:internal/modules/cjs/loader:1298:19) {
  code: 'MODULE_NOT_FOUND',
  requireStack: [
    '/home/u1478266/public_html/api.bprbaperabatang.com/dist/routes/index.js',
    '/home/u1478266/public_html/api.bprbaperabatang.com/dist/app.js',
    '/home/u1478266/public_html/api.bprbaperabatang.com/dist/server.js',
    '/usr/local/lsws/fcgi-bin/lsnode.js'
  ]
}

Node.js v20.19.4
node:internal/modules/cjs/loader:1215
  throw err;
  ^

Error: Cannot find module '../modules/pengguna/auth.pengguna.routes'
Require stack:
- /home/u1478266/public_html/api.bprbaperabatang.com/dist/routes/index.js
- /home/u1478266/public_html/api.bprbaperabatang.com/dist/app.js
- /home/u1478266/public_html/api.bprbaperabatang.com/dist/server.js
- /usr/local/lsws/fcgi-bin/lsnode.js
    at Module._resolveFilename (node:internal/modules/cjs/loader:1212:15)
    at Module._load (node:internal/modules/cjs/loader:1043:27)
    at Module.require (node:internal/modules/cjs/loader:1298:19)
    at require (node:internal/modules/helpers:182:18)
    at Object.<anonymous> (/home/u1478266/public_html/api.bprbaperabatang.com/dist/routes/index.js:7:48)
    at Module._compile (node:internal/modules/cjs/loader:1529:14)
    at Module._extensions..js (node:internal/modules/cjs/loader:1613:10)
    at Module.load (node:internal/modules/cjs/loader:1275:32)
    at Module._load (node:internal/modules/cjs/loader:1096:12)
    at Module.require (node:internal/modules/cjs/loader:1298:19) {
  code: 'MODULE_NOT_FOUND',
  requireStack: [
    '/home/u1478266/public_html/api.bprbaperabatang.com/dist/routes/index.js',
    '/home/u1478266/public_html/api.bprbaperabatang.com/dist/app.js',
    '/home/u1478266/public_html/api.bprbaperabatang.com/dist/server.js',
    '/usr/local/lsws/fcgi-bin/lsnode.js'
  ]
}

Node.js v20.19.4
node:internal/modules/cjs/loader:1215
  throw err;
  ^

Error: Cannot find module '../modules/pengguna/auth.pengguna.routes'
Require stack:
- /home/u1478266/public_html/api.bprbaperabatang.com/dist/routes/index.js
- /home/u1478266/public_html/api.bprbaperabatang.com/dist/app.js
- /home/u1478266/public_html/api.bprbaperabatang.com/dist/server.js
- /usr/local/lsws/fcgi-bin/lsnode.js
    at Module._resolveFilename (node:internal/modules/cjs/loader:1212:15)
    at Module._load (node:internal/modules/cjs/loader:1043:27)
    at Module.require (node:internal/modules/cjs/loader:1298:19)
    at require (node:internal/modules/helpers:182:18)
    at Object.<anonymous> (/home/u1478266/public_html/api.bprbaperabatang.com/dist/routes/index.js:7:48)
    at Module._compile (node:internal/modules/cjs/loader:1529:14)
    at Module._extensions..js (node:internal/modules/cjs/loader:1613:10)
    at Module.load (node:internal/modules/cjs/loader:1275:32)
    at Module._load (node:internal/modules/cjs/loader:1096:12)
    at Module.require (node:internal/modules/cjs/loader:1298:19) {
  code: 'MODULE_NOT_FOUND',
  requireStack: [
    '/home/u1478266/public_html/api.bprbaperabatang.com/dist/routes/index.js',
    '/home/u1478266/public_html/api.bprbaperabatang.com/dist/app.js',
    '/home/u1478266/public_html/api.bprbaperabatang.com/dist/server.js',
    '/usr/local/lsws/fcgi-bin/lsnode.js'
  ]
}

Node.js v20.19.4
node:internal/modules/cjs/loader:1215
  throw err;
  ^

Error: Cannot find module '../modules/pengguna/auth.pengguna.routes'
Require stack:
- /home/u1478266/public_html/api.bprbaperabatang.com/dist/routes/index.js
- /home/u1478266/public_html/api.bprbaperabatang.com/dist/app.js
- /home/u1478266/public_html/api.bprbaperabatang.com/dist/server.js
- /usr/local/lsws/fcgi-bin/lsnode.js
    at Module._resolveFilename (node:internal/modules/cjs/loader:1212:15)
    at Module._load (node:internal/modules/cjs/loader:1043:27)
    at Module.require (node:internal/modules/cjs/loader:1298:19)
    at require (node:internal/modules/helpers:182:18)
    at Object.<anonymous> (/home/u1478266/public_html/api.bprbaperabatang.com/dist/routes/index.js:7:48)
    at Module._compile (node:internal/modules/cjs/loader:1529:14)
    at Module._extensions..js (node:internal/modules/cjs/loader:1613:10)
    at Module.load (node:internal/modules/cjs/loader:1275:32)
    at Module._load (node:internal/modules/cjs/loader:1096:12)
    at Module.require (node:internal/modules/cjs/loader:1298:19) {
  code: 'MODULE_NOT_FOUND',
  requireStack: [
    '/home/u1478266/public_html/api.bprbaperabatang.com/dist/routes/index.js',
    '/home/u1478266/public_html/api.bprbaperabatang.com/dist/app.js',
    '/home/u1478266/public_html/api.bprbaperabatang.com/dist/server.js',
    '/usr/local/lsws/fcgi-bin/lsnode.js'
  ]
}

Node.js v20.19.4
node:internal/modules/cjs/loader:1215
  throw err;
  ^

Error: Cannot find module '../modules/pengguna/auth.pengguna.routes'
Require stack:
- /home/u1478266/public_html/api.bprbaperabatang.com/dist/routes/index.js
- /home/u1478266/public_html/api.bprbaperabatang.com/dist/app.js
- /home/u1478266/public_html/api.bprbaperabatang.com/dist/server.js
- /usr/local/lsws/fcgi-bin/lsnode.js
    at Module._resolveFilename (node:internal/modules/cjs/loader:1212:15)
    at Module._load (node:internal/modules/cjs/loader:1043:27)
    at Module.require (node:internal/modules/cjs/loader:1298:19)
    at require (node:internal/modules/helpers:182:18)
    at Object.<anonymous> (/home/u1478266/public_html/api.bprbaperabatang.com/dist/routes/index.js:7:48)
    at Module._compile (node:internal/modules/cjs/loader:1529:14)
    at Module._extensions..js (node:internal/modules/cjs/loader:1613:10)
    at Module.load (node:internal/modules/cjs/loader:1275:32)
    at Module._load (node:internal/modules/cjs/loader:1096:12)
    at Module.require (node:internal/modules/cjs/loader:1298:19) {
  code: 'MODULE_NOT_FOUND',
  requireStack: [
    '/home/u1478266/public_html/api.bprbaperabatang.com/dist/routes/index.js',
    '/home/u1478266/public_html/api.bprbaperabatang.com/dist/app.js',
    '/home/u1478266/public_html/api.bprbaperabatang.com/dist/server.js',
    '/usr/local/lsws/fcgi-bin/lsnode.js'
  ]
}

Node.js v20.19.4
node:internal/modules/cjs/loader:1215
  throw err;
  ^

Error: Cannot find module '../modules/pengguna/auth.pengguna.routes'
Require stack:
- /home/u1478266/public_html/api.bprbaperabatang.com/dist/routes/index.js
- /home/u1478266/public_html/api.bprbaperabatang.com/dist/app.js
- /home/u1478266/public_html/api.bprbaperabatang.com/dist/server.js
- /usr/local/lsws/fcgi-bin/lsnode.js
    at Module._resolveFilename (node:internal/modules/cjs/loader:1212:15)
    at Module._load (node:internal/modules/cjs/loader:1043:27)
    at Module.require (node:internal/modules/cjs/loader:1298:19)
    at require (node:internal/modules/helpers:182:18)
    at Object.<anonymous> (/home/u1478266/public_html/api.bprbaperabatang.com/dist/routes/index.js:7:48)
    at Module._compile (node:internal/modules/cjs/loader:1529:14)
    at Module._extensions..js (node:internal/modules/cjs/loader:1613:10)
    at Module.load (node:internal/modules/cjs/loader:1275:32)
    at Module._load (node:internal/modules/cjs/loader:1096:12)
    at Module.require (node:internal/modules/cjs/loader:1298:19) {
  code: 'MODULE_NOT_FOUND',
  requireStack: [
    '/home/u1478266/public_html/api.bprbaperabatang.com/dist/routes/index.js',
    '/home/u1478266/public_html/api.bprbaperabatang.com/dist/app.js',
    '/home/u1478266/public_html/api.bprbaperabatang.com/dist/server.js',
    '/usr/local/lsws/fcgi-bin/lsnode.js'
  ]
}

Node.js v20.19.4
node:internal/modules/cjs/loader:1215
  throw err;
  ^

Error: Cannot find module '../modules/pengguna/auth.pengguna.routes'
Require stack:
- /home/u1478266/public_html/api.bprbaperabatang.com/dist/routes/index.js
- /home/u1478266/public_html/api.bprbaperabatang.com/dist/app.js
- /home/u1478266/public_html/api.bprbaperabatang.com/dist/server.js
- /usr/local/lsws/fcgi-bin/lsnode.js
    at Module._resolveFilename (node:internal/modules/cjs/loader:1212:15)
    at Module._load (node:internal/modules/cjs/loader:1043:27)
    at Module.require (node:internal/modules/cjs/loader:1298:19)
    at require (node:internal/modules/helpers:182:18)
    at Object.<anonymous> (/home/u1478266/public_html/api.bprbaperabatang.com/dist/routes/index.js:7:48)
    at Module._compile (node:internal/modules/cjs/loader:1529:14)
    at Module._extensions..js (node:internal/modules/cjs/loader:1613:10)
    at Module.load (node:internal/modules/cjs/loader:1275:32)
    at Module._load (node:internal/modules/cjs/loader:1096:12)
    at Module.require (node:internal/modules/cjs/loader:1298:19) {
  code: 'MODULE_NOT_FOUND',
  requireStack: [
    '/home/u1478266/public_html/api.bprbaperabatang.com/dist/routes/index.js',
    '/home/u1478266/public_html/api.bprbaperabatang.com/dist/app.js',
    '/home/u1478266/public_html/api.bprbaperabatang.com/dist/server.js',
    '/usr/local/lsws/fcgi-bin/lsnode.js'
  ]
}

Node.js v20.19.4
node:internal/modules/cjs/loader:1215
  throw err;
  ^

Error: Cannot find module '../modules/pengguna/auth.pengguna.routes'
Require stack:
- /home/u1478266/public_html/api.bprbaperabatang.com/dist/routes/index.js
- /home/u1478266/public_html/api.bprbaperabatang.com/dist/app.js
- /home/u1478266/public_html/api.bprbaperabatang.com/dist/server.js
- /usr/local/lsws/fcgi-bin/lsnode.js
    at Module._resolveFilename (node:internal/modules/cjs/loader:1212:15)
    at Module._load (node:internal/modules/cjs/loader:1043:27)
    at Module.require (node:internal/modules/cjs/loader:1298:19)
    at require (node:internal/modules/helpers:182:18)
    at Object.<anonymous> (/home/u1478266/public_html/api.bprbaperabatang.com/dist/routes/index.js:7:48)
    at Module._compile (node:internal/modules/cjs/loader:1529:14)
    at Module._extensions..js (node:internal/modules/cjs/loader:1613:10)
    at Module.load (node:internal/modules/cjs/loader:1275:32)
    at Module._load (node:internal/modules/cjs/loader:1096:12)
    at Module.require (node:internal/modules/cjs/loader:1298:19) {
  code: 'MODULE_NOT_FOUND',
  requireStack: [
    '/home/u1478266/public_html/api.bprbaperabatang.com/dist/routes/index.js',
    '/home/u1478266/public_html/api.bprbaperabatang.com/dist/app.js',
    '/home/u1478266/public_html/api.bprbaperabatang.com/dist/server.js',
    '/usr/local/lsws/fcgi-bin/lsnode.js'
  ]
}

Node.js v20.19.4
node:internal/modules/cjs/loader:1215
  throw err;
  ^

Error: Cannot find module '../modules/pengguna/auth.pengguna.routes'
Require stack:
- /home/u1478266/public_html/api.bprbaperabatang.com/dist/routes/index.js
- /home/u1478266/public_html/api.bprbaperabatang.com/dist/app.js
- /home/u1478266/public_html/api.bprbaperabatang.com/dist/server.js
- /usr/local/lsws/fcgi-bin/lsnode.js
    at Module._resolveFilename (node:internal/modules/cjs/loader:1212:15)
    at Module._load (node:internal/modules/cjs/loader:1043:27)
    at Module.require (node:internal/modules/cjs/loader:1298:19)
    at require (node:internal/modules/helpers:182:18)
    at Object.<anonymous> (/home/u1478266/public_html/api.bprbaperabatang.com/dist/routes/index.js:7:48)
    at Module._compile (node:internal/modules/cjs/loader:1529:14)
    at Module._extensions..js (node:internal/modules/cjs/loader:1613:10)
    at Module.load (node:internal/modules/cjs/loader:1275:32)
    at Module._load (node:internal/modules/cjs/loader:1096:12)
    at Module.require (node:internal/modules/cjs/loader:1298:19) {
  code: 'MODULE_NOT_FOUND',
  requireStack: [
    '/home/u1478266/public_html/api.bprbaperabatang.com/dist/routes/index.js',
    '/home/u1478266/public_html/api.bprbaperabatang.com/dist/app.js',
    '/home/u1478266/public_html/api.bprbaperabatang.com/dist/server.js',
    '/usr/local/lsws/fcgi-bin/lsnode.js'
  ]
}

Node.js v20.19.4
node:internal/modules/cjs/loader:1215
  throw err;
  ^

Error: Cannot find module '../modules/pengguna/auth.pengguna.routes'
Require stack:
- /home/u1478266/public_html/api.bprbaperabatang.com/dist/routes/index.js
- /home/u1478266/public_html/api.bprbaperabatang.com/dist/app.js
- /home/u1478266/public_html/api.bprbaperabatang.com/dist/server.js
- /usr/local/lsws/fcgi-bin/lsnode.js
    at Module._resolveFilename (node:internal/modules/cjs/loader:1212:15)
    at Module._load (node:internal/modules/cjs/loader:1043:27)
    at Module.require (node:internal/modules/cjs/loader:1298:19)
    at require (node:internal/modules/helpers:182:18)
    at Object.<anonymous> (/home/u1478266/public_html/api.bprbaperabatang.com/dist/routes/index.js:7:48)
    at Module._compile (node:internal/modules/cjs/loader:1529:14)
    at Module._extensions..js (node:internal/modules/cjs/loader:1613:10)
    at Module.load (node:internal/modules/cjs/loader:1275:32)
    at Module._load (node:internal/modules/cjs/loader:1096:12)
    at Module.require (node:internal/modules/cjs/loader:1298:19) {
  code: 'MODULE_NOT_FOUND',
  requireStack: [
    '/home/u1478266/public_html/api.bprbaperabatang.com/dist/routes/index.js',
    '/home/u1478266/public_html/api.bprbaperabatang.com/dist/app.js',
    '/home/u1478266/public_html/api.bprbaperabatang.com/dist/server.js',
    '/usr/local/lsws/fcgi-bin/lsnode.js'
  ]
}

Node.js v20.19.4
node:internal/modules/cjs/loader:1215
  throw err;
  ^

Error: Cannot find module '../modules/pengguna/auth.pengguna.routes'
Require stack:
- /home/u1478266/public_html/api.bprbaperabatang.com/dist/routes/index.js
- /home/u1478266/public_html/api.bprbaperabatang.com/dist/app.js
- /home/u1478266/public_html/api.bprbaperabatang.com/dist/server.js
- /usr/local/lsws/fcgi-bin/lsnode.js
    at Module._resolveFilename (node:internal/modules/cjs/loader:1212:15)
    at Module._load (node:internal/modules/cjs/loader:1043:27)
    at Module.require (node:internal/modules/cjs/loader:1298:19)
    at require (node:internal/modules/helpers:182:18)
    at Object.<anonymous> (/home/u1478266/public_html/api.bprbaperabatang.com/dist/routes/index.js:7:48)
    at Module._compile (node:internal/modules/cjs/loader:1529:14)
    at Module._extensions..js (node:internal/modules/cjs/loader:1613:10)
    at Module.load (node:internal/modules/cjs/loader:1275:32)
    at Module._load (node:internal/modules/cjs/loader:1096:12)
    at Module.require (node:internal/modules/cjs/loader:1298:19) {
  code: 'MODULE_NOT_FOUND',
  requireStack: [
    '/home/u1478266/public_html/api.bprbaperabatang.com/dist/routes/index.js',
    '/home/u1478266/public_html/api.bprbaperabatang.com/dist/app.js',
    '/home/u1478266/public_html/api.bprbaperabatang.com/dist/server.js',
    '/usr/local/lsws/fcgi-bin/lsnode.js'
  ]
}

Node.js v20.19.4
node:internal/modules/cjs/loader:1215
  throw err;
  ^

Error: Cannot find module '../modules/pengguna/auth.pengguna.routes'
Require stack:
- /home/u1478266/public_html/api.bprbaperabatang.com/dist/routes/index.js
- /home/u1478266/public_html/api.bprbaperabatang.com/dist/app.js
- /home/u1478266/public_html/api.bprbaperabatang.com/dist/server.js
- /usr/local/lsws/fcgi-bin/lsnode.js
    at Module._resolveFilename (node:internal/modules/cjs/loader:1212:15)
    at Module._load (node:internal/modules/cjs/loader:1043:27)
    at Module.require (node:internal/modules/cjs/loader:1298:19)
    at require (node:internal/modules/helpers:182:18)
    at Object.<anonymous> (/home/u1478266/public_html/api.bprbaperabatang.com/dist/routes/index.js:7:48)
    at Module._compile (node:internal/modules/cjs/loader:1529:14)
    at Module._extensions..js (node:internal/modules/cjs/loader:1613:10)
    at Module.load (node:internal/modules/cjs/loader:1275:32)
    at Module._load (node:internal/modules/cjs/loader:1096:12)
    at Module.require (node:internal/modules/cjs/loader:1298:19) {
  code: 'MODULE_NOT_FOUND',
  requireStack: [
    '/home/u1478266/public_html/api.bprbaperabatang.com/dist/routes/index.js',
    '/home/u1478266/public_html/api.bprbaperabatang.com/dist/app.js',
    '/home/u1478266/public_html/api.bprbaperabatang.com/dist/server.js',
    '/usr/local/lsws/fcgi-bin/lsnode.js'
  ]
}

Node.js v20.19.4
node:internal/modules/cjs/loader:1215
  throw err;
  ^

Error: Cannot find module '../modules/pengguna/auth.pengguna.routes'
Require stack:
- /home/u1478266/public_html/api.bprbaperabatang.com/dist/routes/index.js
- /home/u1478266/public_html/api.bprbaperabatang.com/dist/app.js
- /home/u1478266/public_html/api.bprbaperabatang.com/dist/server.js
- /usr/local/lsws/fcgi-bin/lsnode.js
    at Module._resolveFilename (node:internal/modules/cjs/loader:1212:15)
    at Module._load (node:internal/modules/cjs/loader:1043:27)
    at Module.require (node:internal/modules/cjs/loader:1298:19)
    at require (node:internal/modules/helpers:182:18)
    at Object.<anonymous> (/home/u1478266/public_html/api.bprbaperabatang.com/dist/routes/index.js:7:48)
    at Module._compile (node:internal/modules/cjs/loader:1529:14)
    at Module._extensions..js (node:internal/modules/cjs/loader:1613:10)
    at Module.load (node:internal/modules/cjs/loader:1275:32)
    at Module._load (node:internal/modules/cjs/loader:1096:12)
    at Module.require (node:internal/modules/cjs/loader:1298:19) {
  code: 'MODULE_NOT_FOUND',
  requireStack: [
    '/home/u1478266/public_html/api.bprbaperabatang.com/dist/routes/index.js',
    '/home/u1478266/public_html/api.bprbaperabatang.com/dist/app.js',
    '/home/u1478266/public_html/api.bprbaperabatang.com/dist/server.js',
    '/usr/local/lsws/fcgi-bin/lsnode.js'
  ]
}

Node.js v20.19.4
node:internal/modules/cjs/loader:1215
  throw err;
  ^

Error: Cannot find module '../modules/pengguna/auth.routes'
Require stack:
- /home/u1478266/public_html/api.bprbaperabatang.com/dist/routes/index.js
- /home/u1478266/public_html/api.bprbaperabatang.com/dist/app.js
- /home/u1478266/public_html/api.bprbaperabatang.com/dist/server.js
- /usr/local/lsws/fcgi-bin/lsnode.js
    at Module._resolveFilename (node:internal/modules/cjs/loader:1212:15)
    at Module._load (node:internal/modules/cjs/loader:1043:27)
    at Module.require (node:internal/modules/cjs/loader:1298:19)
    at require (node:internal/modules/helpers:182:18)
    at Object.<anonymous> (/home/u1478266/public_html/api.bprbaperabatang.com/dist/routes/index.js:7:39)
    at Module._compile (node:internal/modules/cjs/loader:1529:14)
    at Module._extensions..js (node:internal/modules/cjs/loader:1613:10)
    at Module.load (node:internal/modules/cjs/loader:1275:32)
    at Module._load (node:internal/modules/cjs/loader:1096:12)
    at Module.require (node:internal/modules/cjs/loader:1298:19) {
  code: 'MODULE_NOT_FOUND',
  requireStack: [
    '/home/u1478266/public_html/api.bprbaperabatang.com/dist/routes/index.js',
    '/home/u1478266/public_html/api.bprbaperabatang.com/dist/app.js',
    '/home/u1478266/public_html/api.bprbaperabatang.com/dist/server.js',
    '/usr/local/lsws/fcgi-bin/lsnode.js'
  ]
}

Node.js v20.19.4
node:internal/modules/cjs/loader:1215
  throw err;
  ^

Error: Cannot find module '../modules/pengguna/auth.routes'
Require stack:
- /home/u1478266/public_html/api.bprbaperabatang.com/dist/routes/index.js
- /home/u1478266/public_html/api.bprbaperabatang.com/dist/app.js
- /home/u1478266/public_html/api.bprbaperabatang.com/dist/server.js
- /usr/local/lsws/fcgi-bin/lsnode.js
    at Module._resolveFilename (node:internal/modules/cjs/loader:1212:15)
    at Module._load (node:internal/modules/cjs/loader:1043:27)
    at Module.require (node:internal/modules/cjs/loader:1298:19)
    at require (node:internal/modules/helpers:182:18)
    at Object.<anonymous> (/home/u1478266/public_html/api.bprbaperabatang.com/dist/routes/index.js:7:39)
    at Module._compile (node:internal/modules/cjs/loader:1529:14)
    at Module._extensions..js (node:internal/modules/cjs/loader:1613:10)
    at Module.load (node:internal/modules/cjs/loader:1275:32)
    at Module._load (node:internal/modules/cjs/loader:1096:12)
    at Module.require (node:internal/modules/cjs/loader:1298:19) {
  code: 'MODULE_NOT_FOUND',
  requireStack: [
    '/home/u1478266/public_html/api.bprbaperabatang.com/dist/routes/index.js',
    '/home/u1478266/public_html/api.bprbaperabatang.com/dist/app.js',
    '/home/u1478266/public_html/api.bprbaperabatang.com/dist/server.js',
    '/usr/local/lsws/fcgi-bin/lsnode.js'
  ]
}

Node.js v20.19.4
node:internal/modules/cjs/loader:1215
  throw err;
  ^

Error: Cannot find module '../modules/pengguna/auth.routes'
Require stack:
- /home/u1478266/public_html/api.bprbaperabatang.com/dist/routes/index.js
- /home/u1478266/public_html/api.bprbaperabatang.com/dist/app.js
- /home/u1478266/public_html/api.bprbaperabatang.com/dist/server.js
- /usr/local/lsws/fcgi-bin/lsnode.js
    at Module._resolveFilename (node:internal/modules/cjs/loader:1212:15)
    at Module._load (node:internal/modules/cjs/loader:1043:27)
    at Module.require (node:internal/modules/cjs/loader:1298:19)
    at require (node:internal/modules/helpers:182:18)
    at Object.<anonymous> (/home/u1478266/public_html/api.bprbaperabatang.com/dist/routes/index.js:7:39)
    at Module._compile (node:internal/modules/cjs/loader:1529:14)
    at Module._extensions..js (node:internal/modules/cjs/loader:1613:10)
    at Module.load (node:internal/modules/cjs/loader:1275:32)
    at Module._load (node:internal/modules/cjs/loader:1096:12)
    at Module.require (node:internal/modules/cjs/loader:1298:19) {
  code: 'MODULE_NOT_FOUND',
  requireStack: [
    '/home/u1478266/public_html/api.bprbaperabatang.com/dist/routes/index.js',
    '/home/u1478266/public_html/api.bprbaperabatang.com/dist/app.js',
    '/home/u1478266/public_html/api.bprbaperabatang.com/dist/server.js',
    '/usr/local/lsws/fcgi-bin/lsnode.js'
  ]
}

Node.js v20.19.4
node:internal/modules/cjs/loader:1215
  throw err;
  ^

Error: Cannot find module '../modules/pengguna/auth.routes'
Require stack:
- /home/u1478266/public_html/api.bprbaperabatang.com/dist/routes/index.js
- /home/u1478266/public_html/api.bprbaperabatang.com/dist/app.js
- /home/u1478266/public_html/api.bprbaperabatang.com/dist/server.js
- /usr/local/lsws/fcgi-bin/lsnode.js
    at Module._resolveFilename (node:internal/modules/cjs/loader:1212:15)
    at Module._load (node:internal/modules/cjs/loader:1043:27)
    at Module.require (node:internal/modules/cjs/loader:1298:19)
    at require (node:internal/modules/helpers:182:18)
    at Object.<anonymous> (/home/u1478266/public_html/api.bprbaperabatang.com/dist/routes/index.js:7:39)
    at Module._compile (node:internal/modules/cjs/loader:1529:14)
    at Module._extensions..js (node:internal/modules/cjs/loader:1613:10)
    at Module.load (node:internal/modules/cjs/loader:1275:32)
    at Module._load (node:internal/modules/cjs/loader:1096:12)
    at Module.require (node:internal/modules/cjs/loader:1298:19) {
  code: 'MODULE_NOT_FOUND',
  requireStack: [
    '/home/u1478266/public_html/api.bprbaperabatang.com/dist/routes/index.js',
    '/home/u1478266/public_html/api.bprbaperabatang.com/dist/app.js',
    '/home/u1478266/public_html/api.bprbaperabatang.com/dist/server.js',
    '/usr/local/lsws/fcgi-bin/lsnode.js'
  ]
}

Node.js v20.19.4
node:internal/modules/cjs/loader:1215
  throw err;
  ^

Error: Cannot find module '../modules/pengguna/auth.routes'
Require stack:
- /home/u1478266/public_html/api.bprbaperabatang.com/dist/routes/index.js
- /home/u1478266/public_html/api.bprbaperabatang.com/dist/app.js
- /home/u1478266/public_html/api.bprbaperabatang.com/dist/server.js
- /usr/local/lsws/fcgi-bin/lsnode.js
    at Module._resolveFilename (node:internal/modules/cjs/loader:1212:15)
    at Module._load (node:internal/modules/cjs/loader:1043:27)
    at Module.require (node:internal/modules/cjs/loader:1298:19)
    at require (node:internal/modules/helpers:182:18)
    at Object.<anonymous> (/home/u1478266/public_html/api.bprbaperabatang.com/dist/routes/index.js:7:39)
    at Module._compile (node:internal/modules/cjs/loader:1529:14)
    at Module._extensions..js (node:internal/modules/cjs/loader:1613:10)
    at Module.load (node:internal/modules/cjs/loader:1275:32)
    at Module._load (node:internal/modules/cjs/loader:1096:12)
    at Module.require (node:internal/modules/cjs/loader:1298:19) {
  code: 'MODULE_NOT_FOUND',
  requireStack: [
    '/home/u1478266/public_html/api.bprbaperabatang.com/dist/routes/index.js',
    '/home/u1478266/public_html/api.bprbaperabatang.com/dist/app.js',
    '/home/u1478266/public_html/api.bprbaperabatang.com/dist/server.js',
    '/usr/local/lsws/fcgi-bin/lsnode.js'
  ]
}

Node.js v20.19.4
node:internal/modules/cjs/loader:1215
  throw err;
  ^

Error: Cannot find module '../modules/pengguna/auth.routes'
Require stack:
- /home/u1478266/public_html/api.bprbaperabatang.com/dist/routes/index.js
- /home/u1478266/public_html/api.bprbaperabatang.com/dist/app.js
- /home/u1478266/public_html/api.bprbaperabatang.com/dist/server.js
- /usr/local/lsws/fcgi-bin/lsnode.js
    at Module._resolveFilename (node:internal/modules/cjs/loader:1212:15)
    at Module._load (node:internal/modules/cjs/loader:1043:27)
    at Module.require (node:internal/modules/cjs/loader:1298:19)
    at require (node:internal/modules/helpers:182:18)
    at Object.<anonymous> (/home/u1478266/public_html/api.bprbaperabatang.com/dist/routes/index.js:7:39)
    at Module._compile (node:internal/modules/cjs/loader:1529:14)
    at Module._extensions..js (node:internal/modules/cjs/loader:1613:10)
    at Module.load (node:internal/modules/cjs/loader:1275:32)
    at Module._load (node:internal/modules/cjs/loader:1096:12)
    at Module.require (node:internal/modules/cjs/loader:1298:19) {
  code: 'MODULE_NOT_FOUND',
  requireStack: [
    '/home/u1478266/public_html/api.bprbaperabatang.com/dist/routes/index.js',
    '/home/u1478266/public_html/api.bprbaperabatang.com/dist/app.js',
    '/home/u1478266/public_html/api.bprbaperabatang.com/dist/server.js',
    '/usr/local/lsws/fcgi-bin/lsnode.js'
  ]
}

Node.js v20.19.4
node:internal/modules/cjs/loader:1215
  throw err;
  ^

Error: Cannot find module '../modules/pengguna/auth.routes'
Require stack:
- /home/u1478266/public_html/api.bprbaperabatang.com/dist/routes/index.js
- /home/u1478266/public_html/api.bprbaperabatang.com/dist/app.js
- /home/u1478266/public_html/api.bprbaperabatang.com/dist/server.js
- /usr/local/lsws/fcgi-bin/lsnode.js
    at Module._resolveFilename (node:internal/modules/cjs/loader:1212:15)
    at Module._load (node:internal/modules/cjs/loader:1043:27)
    at Module.require (node:internal/modules/cjs/loader:1298:19)
    at require (node:internal/modules/helpers:182:18)
    at Object.<anonymous> (/home/u1478266/public_html/api.bprbaperabatang.com/dist/routes/index.js:7:39)
    at Module._compile (node:internal/modules/cjs/loader:1529:14)
    at Module._extensions..js (node:internal/modules/cjs/loader:1613:10)
    at Module.load (node:internal/modules/cjs/loader:1275:32)
    at Module._load (node:internal/modules/cjs/loader:1096:12)
    at Module.require (node:internal/modules/cjs/loader:1298:19) {
  code: 'MODULE_NOT_FOUND',
  requireStack: [
    '/home/u1478266/public_html/api.bprbaperabatang.com/dist/routes/index.js',
    '/home/u1478266/public_html/api.bprbaperabatang.com/dist/app.js',
    '/home/u1478266/public_html/api.bprbaperabatang.com/dist/server.js',
    '/usr/local/lsws/fcgi-bin/lsnode.js'
  ]
}

Node.js v20.19.4
node:internal/modules/cjs/loader:1215
  throw err;
  ^

Error: Cannot find module '../modules/pengguna/auth.routes'
Require stack:
- /home/u1478266/public_html/api.bprbaperabatang.com/dist/routes/index.js
- /home/u1478266/public_html/api.bprbaperabatang.com/dist/app.js
- /home/u1478266/public_html/api.bprbaperabatang.com/dist/server.js
- /usr/local/lsws/fcgi-bin/lsnode.js
    at Module._resolveFilename (node:internal/modules/cjs/loader:1212:15)
    at Module._load (node:internal/modules/cjs/loader:1043:27)
    at Module.require (node:internal/modules/cjs/loader:1298:19)
    at require (node:internal/modules/helpers:182:18)
    at Object.<anonymous> (/home/u1478266/public_html/api.bprbaperabatang.com/dist/routes/index.js:7:39)
    at Module._compile (node:internal/modules/cjs/loader:1529:14)
    at Module._extensions..js (node:internal/modules/cjs/loader:1613:10)
    at Module.load (node:internal/modules/cjs/loader:1275:32)
    at Module._load (node:internal/modules/cjs/loader:1096:12)
    at Module.require (node:internal/modules/cjs/loader:1298:19) {
  code: 'MODULE_NOT_FOUND',
  requireStack: [
    '/home/u1478266/public_html/api.bprbaperabatang.com/dist/routes/index.js',
    '/home/u1478266/public_html/api.bprbaperabatang.com/dist/app.js',
    '/home/u1478266/public_html/api.bprbaperabatang.com/dist/server.js',
    '/usr/local/lsws/fcgi-bin/lsnode.js'
  ]
}

Node.js v20.19.4
node:internal/modules/cjs/loader:1215
  throw err;
  ^

Error: Cannot find module '../modules/pengguna/auth.routes'
Require stack:
- /home/u1478266/public_html/api.bprbaperabatang.com/dist/routes/index.js
- /home/u1478266/public_html/api.bprbaperabatang.com/dist/app.js
- /home/u1478266/public_html/api.bprbaperabatang.com/dist/server.js
- /usr/local/lsws/fcgi-bin/lsnode.js
    at Module._resolveFilename (node:internal/modules/cjs/loader:1212:15)
    at Module._load (node:internal/modules/cjs/loader:1043:27)
    at Module.require (node:internal/modules/cjs/loader:1298:19)
    at require (node:internal/modules/helpers:182:18)
    at Object.<anonymous> (/home/u1478266/public_html/api.bprbaperabatang.com/dist/routes/index.js:7:39)
    at Module._compile (node:internal/modules/cjs/loader:1529:14)
    at Module._extensions..js (node:internal/modules/cjs/loader:1613:10)
    at Module.load (node:internal/modules/cjs/loader:1275:32)
    at Module._load (node:internal/modules/cjs/loader:1096:12)
    at Module.require (node:internal/modules/cjs/loader:1298:19) {
  code: 'MODULE_NOT_FOUND',
  requireStack: [
    '/home/u1478266/public_html/api.bprbaperabatang.com/dist/routes/index.js',
    '/home/u1478266/public_html/api.bprbaperabatang.com/dist/app.js',
    '/home/u1478266/public_html/api.bprbaperabatang.com/dist/server.js',
    '/usr/local/lsws/fcgi-bin/lsnode.js'
  ]
}

Node.js v20.19.4
node:internal/modules/cjs/loader:1215
  throw err;
  ^

Error: Cannot find module '../modules/pengguna/auth.routes'
Require stack:
- /home/u1478266/public_html/api.bprbaperabatang.com/dist/routes/index.js
- /home/u1478266/public_html/api.bprbaperabatang.com/dist/app.js
- /home/u1478266/public_html/api.bprbaperabatang.com/dist/server.js
- /usr/local/lsws/fcgi-bin/lsnode.js
    at Module._resolveFilename (node:internal/modules/cjs/loader:1212:15)
    at Module._load (node:internal/modules/cjs/loader:1043:27)
    at Module.require (node:internal/modules/cjs/loader:1298:19)
    at require (node:internal/modules/helpers:182:18)
    at Object.<anonymous> (/home/u1478266/public_html/api.bprbaperabatang.com/dist/routes/index.js:7:39)
    at Module._compile (node:internal/modules/cjs/loader:1529:14)
    at Module._extensions..js (node:internal/modules/cjs/loader:1613:10)
    at Module.load (node:internal/modules/cjs/loader:1275:32)
    at Module._load (node:internal/modules/cjs/loader:1096:12)
    at Module.require (node:internal/modules/cjs/loader:1298:19) {
  code: 'MODULE_NOT_FOUND',
  requireStack: [
    '/home/u1478266/public_html/api.bprbaperabatang.com/dist/routes/index.js',
    '/home/u1478266/public_html/api.bprbaperabatang.com/dist/app.js',
    '/home/u1478266/public_html/api.bprbaperabatang.com/dist/server.js',
    '/usr/local/lsws/fcgi-bin/lsnode.js'
  ]
}

Node.js v20.19.4
node:internal/modules/cjs/loader:1215
  throw err;
  ^

Error: Cannot find module '../modules/pengguna/auth.routes'
Require stack:
- /home/u1478266/public_html/api.bprbaperabatang.com/dist/routes/index.js
- /home/u1478266/public_html/api.bprbaperabatang.com/dist/app.js
- /home/u1478266/public_html/api.bprbaperabatang.com/dist/server.js
- /usr/local/lsws/fcgi-bin/lsnode.js
    at Module._resolveFilename (node:internal/modules/cjs/loader:1212:15)
    at Module._load (node:internal/modules/cjs/loader:1043:27)
    at Module.require (node:internal/modules/cjs/loader:1298:19)
    at require (node:internal/modules/helpers:182:18)
    at Object.<anonymous> (/home/u1478266/public_html/api.bprbaperabatang.com/dist/routes/index.js:7:39)
    at Module._compile (node:internal/modules/cjs/loader:1529:14)
    at Module._extensions..js (node:internal/modules/cjs/loader:1613:10)
    at Module.load (node:internal/modules/cjs/loader:1275:32)
    at Module._load (node:internal/modules/cjs/loader:1096:12)
    at Module.require (node:internal/modules/cjs/loader:1298:19) {
  code: 'MODULE_NOT_FOUND',
  requireStack: [
    '/home/u1478266/public_html/api.bprbaperabatang.com/dist/routes/index.js',
    '/home/u1478266/public_html/api.bprbaperabatang.com/dist/app.js',
    '/home/u1478266/public_html/api.bprbaperabatang.com/dist/server.js',
    '/usr/local/lsws/fcgi-bin/lsnode.js'
  ]
}

Node.js v20.19.4
